# Pack-dev.lst: Contains the information for the packaging process.
# Syntax: Product, list of platforms, list of languages, target (Separator: spaces)
# Syntax for list of languages: One multilingual installation set uses separator ","
# (Example: "en-US,de" creates english-german multilingual installation set)
# Different installation sets use the "|" as separator


# Product                     List_of_platforms   List_of_languages                                                                                                                                  Target

OpenOffice_Dev                wntmsci12.pro       ast|bg|ca|ca-XR|ca-XV|cs|da|de|el|en-GB|en-US|es|eu|fi|fr|gd|gl|he|hi|hu|it|ja|km|ko|lt|nb|nl|pl|pt|pt-BR|ru|sk|sl|sr|sv|ta|th|tr|vi|zh-CN|zh-TW   openofficedev
OpenOffice_SDK_Dev            wntmsci12.pro       en-US                                                                                                                                              sdkoodev
OpenOffice_Languagepack_Dev   wntmsci12.pro       ast|bg|ca|ca-XR|ca-XV|cs|da|de|el|en-GB|en-US|es|eu|fi|fr|gd|gl|he|hi|hu|it|ja|km|ko|lt|nb|nl|pl|pt|pt-BR|ru|sk|sl|sr|sv|ta|th|tr|vi|zh-CN|zh-TW   ooodevlanguagepack

