http://sourceforge.net/projects/openofficeorg.mirror/files/localized/ar/3.3.0/OOo_3.3.0_Linux_x86-64_install-deb_ar.tar.gz
http://sourceforge.net/projects/openofficeorg.mirror/files/localized/ar/3.3.0/OOo_3.3.0_Linux_x86-64_install-rpm-wJRE_ar.tar.gz
http://sourceforge.net/projects/openofficeorg.mirror/files/localized/ar/3.3.0/OOo_3.3.0_Linux_x86_install-deb_ar.tar.gz
http://sourceforge.net/projects/openofficeorg.mirror/files/localized/ar/3.3.0/OOo_3.3.0_Linux_x86_install-rpm-wJRE_ar.tar.gz
http://sourceforge.net/projects/openofficeorg.mirror/files/localized/ar/3.3.0/OOo_3.3.0_MacOS_x86_install_ar.dmg
http://sourceforge.net/projects/openofficeorg.mirror/files/localized/ar/3.3.0/OOo_3.3.0_Solaris_Sparc_install-wJRE_ar.tar.gz
http://sourceforge.net/projects/openofficeorg.mirror/files/localized/ar/3.3.0/OOo_3.3.0_Solaris_x86_install-wJRE_ar.tar.gz
http://sourceforge.net/projects/openofficeorg.mirror/files/localized/ar/3.3.0/OOo_3.3.0_Win_x86_install-wJRE_ar.exe
http://sourceforge.net/projects/openofficeorg.mirror/files/localized/bg/3.3.0/OOo_3.3.0_Linux_x86-64_install-deb_bg.tar.gz
http://sourceforge.net/projects/openofficeorg.mirror/files/localized/bg/3.3.0/OOo_3.3.0_Linux_x86-64_install-rpm-wJRE_bg.tar.gz
http://sourceforge.net/projects/openofficeorg.mirror/files/localized/bg/3.3.0/OOo_3.3.0_Linux_x86_install-deb_bg.tar.gz
http://sourceforge.net/projects/openofficeorg.mirror/files/localized/bg/3.3.0/OOo_3.3.0_Linux_x86_install-rpm-wJRE_bg.tar.gz
http://sourceforge.net/projects/openofficeorg.mirror/files/localized/bg/3.3.0/OOo_3.3.0_MacOS_x86_install_bg.dmg
http://sourceforge.net/projects/openofficeorg.mirror/files/localized/bg/3.3.0/OOo_3.3.0_Solaris_Sparc_install-wJRE_bg.tar.gz
http://sourceforge.net/projects/openofficeorg.mirror/files/localized/bg/3.3.0/OOo_3.3.0_Solaris_x86_install-wJRE_bg.tar.gz
http://sourceforge.net/projects/openofficeorg.mirror/files/localized/bg/3.3.0/OOo_3.3.0_Win_x86_install-wJRE_bg.exe
http://sourceforge.net/projects/openofficeorg.mirror/files/localized/bn/3.3.0/OOo_3.3.0_Linux_x86-64_install-deb_bn.tar.gz
http://sourceforge.net/projects/openofficeorg.mirror/files/localized/bn/3.3.0/OOo_3.3.0_Linux_x86-64_install-rpm-wJRE_bn.tar.gz
http://sourceforge.net/projects/openofficeorg.mirror/files/localized/bn/3.3.0/OOo_3.3.0_Linux_x86_install-rpm-wJRE_bn.tar.gz
http://sourceforge.net/projects/openofficeorg.mirror/files/localized/bn/3.3.0/OOo_3.3.0_MacOS_PPC_install_bn.dmg
http://sourceforge.net/projects/openofficeorg.mirror/files/localized/bn/3.3.0/OOo_3.3.0_MacOS_x86_install_bn.dmg
http://sourceforge.net/projects/openofficeorg.mirror/files/localized/bn/3.3.0/OOo_3.3.0_Solaris_Sparc_install-wJRE_bn.tar.gz
http://sourceforge.net/projects/openofficeorg.mirror/files/localized/bn/3.3.0/OOo_3.3.0_Solaris_x86_install-wJRE_bn.tar.gz
http://sourceforge.net/projects/openofficeorg.mirror/files/localized/bn/3.3.0/OOo_3.3.0_Win_x86_install-wJRE_bn.exe
http://sourceforge.net/projects/openofficeorg.mirror/files/localized/ca-XV/3.3.0/OOo_3.3.0_Linux_x86-64_install-deb_ca-XV.tar.gz
http://sourceforge.net/projects/openofficeorg.mirror/files/localized/ca-XV/3.3.0/OOo_3.3.0_Linux_x86-64_install-rpm-wJRE_ca-XV.tar.gz
http://sourceforge.net/projects/openofficeorg.mirror/files/localized/ca-XV/3.3.0/OOo_3.3.0_Linux_x86_install-deb_ca-XV.tar.gz
http://sourceforge.net/projects/openofficeorg.mirror/files/localized/ca-XV/3.3.0/OOo_3.3.0_Linux_x86_install-rpm-wJRE_ca-XV.tar.gz
http://sourceforge.net/projects/openofficeorg.mirror/files/localized/ca-XV/3.3.0/OOo_3.3.0_MacOS_x86_install_ca-XV.dmg
http://sourceforge.net/projects/openofficeorg.mirror/files/localized/ca-XV/3.3.0/OOo_3.3.0_Solaris_Sparc_install-wJRE_ca-XV.tar.gz
http://sourceforge.net/projects/openofficeorg.mirror/files/localized/ca-XV/3.3.0/OOo_3.3.0_Solaris_x86_install-wJRE_ca-XV.tar.gz
http://sourceforge.net/projects/openofficeorg.mirror/files/localized/ca-XV/3.3.0/OOo_3.3.0_Win_x86_install-wJRE_ca-XV.exe
http://sourceforge.net/projects/openofficeorg.mirror/files/localized/ca/3.3.0/OOo_3.3.0_Linux_x86-64_install-deb_ca.tar.gz
http://sourceforge.net/projects/openofficeorg.mirror/files/localized/ca/3.3.0/OOo_3.3.0_Linux_x86-64_install-rpm-wJRE_ca.tar.gz
http://sourceforge.net/projects/openofficeorg.mirror/files/localized/ca/3.3.0/OOo_3.3.0_Linux_x86_install-deb_ca.tar.gz
http://sourceforge.net/projects/openofficeorg.mirror/files/localized/ca/3.3.0/OOo_3.3.0_Linux_x86_install-rpm-wJRE_ca.tar.gz
http://sourceforge.net/projects/openofficeorg.mirror/files/localized/ca/3.3.0/OOo_3.3.0_MacOS_PPC_install_ca.dmg
http://sourceforge.net/projects/openofficeorg.mirror/files/localized/ca/3.3.0/OOo_3.3.0_MacOS_x86_install_ca.dmg
http://sourceforge.net/projects/openofficeorg.mirror/files/localized/ca/3.3.0/OOo_3.3.0_Solaris_Sparc_install-wJRE_ca.tar.gz
http://sourceforge.net/projects/openofficeorg.mirror/files/localized/ca/3.3.0/OOo_3.3.0_Solaris_x86_install-wJRE_ca.tar.gz
http://sourceforge.net/projects/openofficeorg.mirror/files/localized/ca/3.3.0/OOo_3.3.0_Win_x86_install-wJRE_ca.exe
http://sourceforge.net/projects/openofficeorg.mirror/files/localized/cs/3.3.0/OOo_3.3.0_Linux_x86-64_install-deb_cs.tar.gz
http://sourceforge.net/projects/openofficeorg.mirror/files/localized/cs/3.3.0/OOo_3.3.0_Linux_x86-64_install-rpm-wJRE_cs.tar.gz
http://sourceforge.net/projects/openofficeorg.mirror/files/localized/cs/3.3.0/OOo_3.3.0_Linux_x86_install-deb_cs.tar.gz
http://sourceforge.net/projects/openofficeorg.mirror/files/localized/cs/3.3.0/OOo_3.3.0_Linux_x86_install-rpm-wJRE_cs.tar.gz
http://sourceforge.net/projects/openofficeorg.mirror/files/localized/cs/3.3.0/OOo_3.3.0_MacOS_x86_install_cs.dmg
http://sourceforge.net/projects/openofficeorg.mirror/files/localized/cs/3.3.0/OOo_3.3.0_Solaris_Sparc_install-wJRE_cs.tar.gz
http://sourceforge.net/projects/openofficeorg.mirror/files/localized/cs/3.3.0/OOo_3.3.0_Solaris_x86_install-wJRE_cs.tar.gz
http://sourceforge.net/projects/openofficeorg.mirror/files/localized/cs/3.3.0/OOo_3.3.0_Win_x86_install-wJRE_cs.exe
http://sourceforge.net/projects/openofficeorg.mirror/files/localized/da/3.3.0/OOo_3.3.0_Linux_x86-64_install-deb_da.tar.gz
http://sourceforge.net/projects/openofficeorg.mirror/files/localized/da/3.3.0/OOo_3.3.0_Linux_x86-64_install-rpm-wJRE_da.tar.gz
http://sourceforge.net/projects/openofficeorg.mirror/files/localized/da/3.3.0/OOo_3.3.0_Linux_x86_install-deb_da.tar.gz
http://sourceforge.net/projects/openofficeorg.mirror/files/localized/da/3.3.0/OOo_3.3.0_Linux_x86_install-rpm-wJRE_da.tar.gz
http://sourceforge.net/projects/openofficeorg.mirror/files/localized/da/3.3.0/OOo_3.3.0_MacOS_x86_install_da.dmg
http://sourceforge.net/projects/openofficeorg.mirror/files/localized/da/3.3.0/OOo_3.3.0_Solaris_Sparc_install-wJRE_da.tar.gz
http://sourceforge.net/projects/openofficeorg.mirror/files/localized/da/3.3.0/OOo_3.3.0_Solaris_x86_install-wJRE_da.tar.gz
http://sourceforge.net/projects/openofficeorg.mirror/files/localized/da/3.3.0/OOo_3.3.0_Win_x86_install-wJRE_da.exe
http://sourceforge.net/projects/openofficeorg.mirror/files/localized/de/3.3.0/OOo_3.3.0_Linux_x86_install-deb_de.tar.gz
http://sourceforge.net/projects/openofficeorg.mirror/files/localized/de/3.3.0/OOo_3.3.0_MacOS_x86_install_de.dmg
http://sourceforge.net/projects/openofficeorg.mirror/files/localized/de/3.3.0/OOo_3.3.0_Solaris_Sparc_install-wJRE_de.tar.gz
http://sourceforge.net/projects/openofficeorg.mirror/files/localized/de/3.3.0/OOo_3.3.0_Solaris_x86_install-wJRE_de.tar.gz
http://sourceforge.net/projects/openofficeorg.mirror/files/localized/de/3.3.0/OOo_3.3.0_Win_x86_install-wJRE_de.exe
http://sourceforge.net/projects/openofficeorg.mirror/files/localized/el/3.3.0/OOo_3.3.0_Linux_x86-64_install-deb_el.tar.gz
http://sourceforge.net/projects/openofficeorg.mirror/files/localized/el/3.3.0/OOo_3.3.0_Linux_x86-64_install-rpm-wJRE_el.tar.gz
http://sourceforge.net/projects/openofficeorg.mirror/files/localized/el/3.3.0/OOo_3.3.0_Linux_x86_install-deb_el.tar.gz
http://sourceforge.net/projects/openofficeorg.mirror/files/localized/el/3.3.0/OOo_3.3.0_Linux_x86_install-rpm-wJRE_el.tar.gz
http://sourceforge.net/projects/openofficeorg.mirror/files/localized/el/3.3.0/OOo_3.3.0_MacOS_x86_install_el.dmg
http://sourceforge.net/projects/openofficeorg.mirror/files/localized/el/3.3.0/OOo_3.3.0_Solaris_Sparc_install-wJRE_el.tar.gz
http://sourceforge.net/projects/openofficeorg.mirror/files/localized/el/3.3.0/OOo_3.3.0_Solaris_x86_install-wJRE_el.tar.gz
http://sourceforge.net/projects/openofficeorg.mirror/files/localized/el/3.3.0/OOo_3.3.0_Win_x86_install-wJRE_el.exe
http://sourceforge.net/projects/openofficeorg.mirror/files/localized/en-GB/3.3.0/OOo_3.3.0_Linux_x86-64_install-deb_en-GB.tar.gz
http://sourceforge.net/projects/openofficeorg.mirror/files/localized/en-GB/3.3.0/OOo_3.3.0_Linux_x86-64_install-rpm-wJRE_en-GB.tar.gz
http://sourceforge.net/projects/openofficeorg.mirror/files/localized/en-GB/3.3.0/OOo_3.3.0_Linux_x86_install-deb_en-GB.tar.gz
http://sourceforge.net/projects/openofficeorg.mirror/files/localized/en-GB/3.3.0/OOo_3.3.0_Linux_x86_install-rpm-wJRE_en-GB.tar.gz
http://sourceforge.net/projects/openofficeorg.mirror/files/localized/en-GB/3.3.0/OOo_3.3.0_MacOS_x86_install_en-GB.dmg
http://sourceforge.net/projects/openofficeorg.mirror/files/localized/en-GB/3.3.0/OOo_3.3.0_Solaris_Sparc_install-wJRE_en-GB.tar.gz
http://sourceforge.net/projects/openofficeorg.mirror/files/localized/en-GB/3.3.0/OOo_3.3.0_Solaris_x86_install-wJRE_en-GB.tar.gz
http://sourceforge.net/projects/openofficeorg.mirror/files/localized/en-GB/3.3.0/OOo_3.3.0_Win_x86_install-wJRE_en-GB.exe
http://sourceforge.net/projects/openofficeorg.mirror/files/localized/es/3.3.0/OOo_3.3.0_Linux_x86-64_install-deb_es.tar.gz
http://sourceforge.net/projects/openofficeorg.mirror/files/localized/es/3.3.0/OOo_3.3.0_Linux_x86-64_install-rpm-wJRE_es.tar.gz
http://sourceforge.net/projects/openofficeorg.mirror/files/localized/es/3.3.0/OOo_3.3.0_Linux_x86_install-deb_es.tar.gz
http://sourceforge.net/projects/openofficeorg.mirror/files/localized/es/3.3.0/OOo_3.3.0_Linux_x86_install-rpm-wJRE_es.tar.gz
http://sourceforge.net/projects/openofficeorg.mirror/files/localized/es/3.3.0/OOo_3.3.0_MacOS_x86_install_es.dmg
http://sourceforge.net/projects/openofficeorg.mirror/files/localized/es/3.3.0/OOo_3.3.0_Solaris_Sparc_install-wJRE_es.tar.gz
http://sourceforge.net/projects/openofficeorg.mirror/files/localized/es/3.3.0/OOo_3.3.0_Solaris_x86_install-wJRE_es.tar.gz
http://sourceforge.net/projects/openofficeorg.mirror/files/localized/es/3.3.0/OOo_3.3.0_Win_x86_install-wJRE_es.exe
http://sourceforge.net/projects/openofficeorg.mirror/files/localized/et/3.3.0/OOo_3.3.0_Linux_x86-64_install-deb_et.tar.gz
http://sourceforge.net/projects/openofficeorg.mirror/files/localized/et/3.3.0/OOo_3.3.0_Linux_x86_install-deb_et.tar.gz
http://sourceforge.net/projects/openofficeorg.mirror/files/localized/et/3.3.0/OOo_3.3.0_Linux_x86_install-rpm_et.tar.gz
http://sourceforge.net/projects/openofficeorg.mirror/files/localized/et/3.3.0/OOo_3.3.0_MacOS_x86_install_et.dmg
http://sourceforge.net/projects/openofficeorg.mirror/files/localized/et/3.3.0/OOo_3.3.0_Solaris_Sparc_install-wJRE_et.tar.gz
http://sourceforge.net/projects/openofficeorg.mirror/files/localized/et/3.3.0/OOo_3.3.0_Solaris_x86_install-wJRE_et.tar.gz
http://sourceforge.net/projects/openofficeorg.mirror/files/localized/et/3.3.0/OOo_3.3.0_Win_x86_install_et.exe
http://sourceforge.net/projects/openofficeorg.mirror/files/localized/eu/3.3.0/OOo_3.3.0_Linux_x86-64_install-deb_eu.tar.gz
http://sourceforge.net/projects/openofficeorg.mirror/files/localized/eu/3.3.0/OOo_3.3.0_Linux_x86-64_install-rpm-wJRE_eu.tar.gz
http://sourceforge.net/projects/openofficeorg.mirror/files/localized/eu/3.3.0/OOo_3.3.0_Linux_x86_install-deb_eu.tar.gz
http://sourceforge.net/projects/openofficeorg.mirror/files/localized/eu/3.3.0/OOo_3.3.0_Linux_x86_install-rpm-wJRE_eu.tar.gz
http://sourceforge.net/projects/openofficeorg.mirror/files/localized/eu/3.3.0/OOo_3.3.0_MacOS_PPC_install_eu.dmg
http://sourceforge.net/projects/openofficeorg.mirror/files/localized/eu/3.3.0/OOo_3.3.0_MacOS_x86_install_eu.dmg
http://sourceforge.net/projects/openofficeorg.mirror/files/localized/eu/3.3.0/OOo_3.3.0_Solaris_Sparc_install-wJRE_eu.tar.gz
http://sourceforge.net/projects/openofficeorg.mirror/files/localized/eu/3.3.0/OOo_3.3.0_Solaris_x86_install-wJRE_eu.tar.gz
http://sourceforge.net/projects/openofficeorg.mirror/files/localized/eu/3.3.0/OOo_3.3.0_Win_x86_install-wJRE_eu.exe
http://sourceforge.net/projects/openofficeorg.mirror/files/localized/fi/3.3.0/OOo_3.3.0_Linux_x86_install-deb_fi.tar.gz
http://sourceforge.net/projects/openofficeorg.mirror/files/localized/fi/3.3.0/OOo_3.3.0_MacOS_PPC_install_fi.dmg
http://sourceforge.net/projects/openofficeorg.mirror/files/localized/fi/3.3.0/OOo_3.3.0_Solaris_Sparc_install-wJRE_fi.tar.gz
http://sourceforge.net/projects/openofficeorg.mirror/files/localized/fi/3.3.0/OOo_3.3.0_Solaris_x86_install-wJRE_fi.tar.gz
http://sourceforge.net/projects/openofficeorg.mirror/files/localized/fi/3.3.0/OOo_3.3.0_Win_x86_install_fi.exe
http://sourceforge.net/projects/openofficeorg.mirror/files/localized/fr/3.3.0/OOo_3.3.0_Linux_x86-64_install-deb_fr.tar.gz
http://sourceforge.net/projects/openofficeorg.mirror/files/localized/fr/3.3.0/OOo_3.3.0_Linux_x86-64_install-rpm-wJRE_fr.tar.gz
http://sourceforge.net/projects/openofficeorg.mirror/files/localized/fr/3.3.0/OOo_3.3.0_Linux_x86_install-deb_fr.tar.gz
http://sourceforge.net/projects/openofficeorg.mirror/files/localized/fr/3.3.0/OOo_3.3.0_Linux_x86_install-rpm-wJRE_fr.tar.gz
http://sourceforge.net/projects/openofficeorg.mirror/files/localized/fr/3.3.0/OOo_3.3.0_MacOS_PPC_install_fr.dmg
http://sourceforge.net/projects/openofficeorg.mirror/files/localized/fr/3.3.0/OOo_3.3.0_MacOS_x86_install_fr.dmg
http://sourceforge.net/projects/openofficeorg.mirror/files/localized/fr/3.3.0/OOo_3.3.0_Solaris_Sparc_install-wJRE_fr.tar.gz
http://sourceforge.net/projects/openofficeorg.mirror/files/localized/fr/3.3.0/OOo_3.3.0_Solaris_x86_install-wJRE_fr.tar.gz
http://sourceforge.net/projects/openofficeorg.mirror/files/localized/fr/3.3.0/OOo_3.3.0_Win_x86_install-wJRE_fr.exe
http://sourceforge.net/projects/openofficeorg.mirror/files/localized/ga/3.3.0/OOo_3.3.0_Linux_x86-64_install-deb_ga.tar.gz
http://sourceforge.net/projects/openofficeorg.mirror/files/localized/ga/3.3.0/OOo_3.3.0_Linux_x86-64_install-rpm-wJRE_ga.tar.gz
http://sourceforge.net/projects/openofficeorg.mirror/files/localized/ga/3.3.0/OOo_3.3.0_Linux_x86_install-deb_ga.tar.gz
http://sourceforge.net/projects/openofficeorg.mirror/files/localized/ga/3.3.0/OOo_3.3.0_Linux_x86_install-rpm-wJRE_ga.tar.gz
http://sourceforge.net/projects/openofficeorg.mirror/files/localized/ga/3.3.0/OOo_3.3.0_MacOS_x86_install_ga.dmg
http://sourceforge.net/projects/openofficeorg.mirror/files/localized/ga/3.3.0/OOo_3.3.0_Solaris_Sparc_install-wJRE_ga.tar.gz
http://sourceforge.net/projects/openofficeorg.mirror/files/localized/ga/3.3.0/OOo_3.3.0_Solaris_x86_install-wJRE_ga.tar.gz
http://sourceforge.net/projects/openofficeorg.mirror/files/localized/ga/3.3.0/OOo_3.3.0_Win_x86_install-wJRE_ga.exe
http://sourceforge.net/projects/openofficeorg.mirror/files/localized/gl/3.3.0/OOo_3.3.0_Linux_x86-64_install-deb_gl.tar.gz
http://sourceforge.net/projects/openofficeorg.mirror/files/localized/gl/3.3.0/OOo_3.3.0_Linux_x86-64_install-rpm-wJRE_gl.tar.gz
http://sourceforge.net/projects/openofficeorg.mirror/files/localized/gl/3.3.0/OOo_3.3.0_Linux_x86_install-deb_gl.tar.gz
http://sourceforge.net/projects/openofficeorg.mirror/files/localized/gl/3.3.0/OOo_3.3.0_Linux_x86_install-rpm-wJRE_gl.tar.gz
http://sourceforge.net/projects/openofficeorg.mirror/files/localized/gl/3.3.0/OOo_3.3.0_MacOS_x86_install_gl.dmg
http://sourceforge.net/projects/openofficeorg.mirror/files/localized/gl/3.3.0/OOo_3.3.0_Solaris_Sparc_install-wJRE_gl.tar.gz
http://sourceforge.net/projects/openofficeorg.mirror/files/localized/gl/3.3.0/OOo_3.3.0_Solaris_x86_install-wJRE_gl.tar.gz
http://sourceforge.net/projects/openofficeorg.mirror/files/localized/gl/3.3.0/OOo_3.3.0_Win_x86_install-wJRE_gl.exe
http://sourceforge.net/projects/openofficeorg.mirror/files/localized/he/3.3.0/OOo_3.3.0_Linux_x86-64_install-deb_he.tar.gz
http://sourceforge.net/projects/openofficeorg.mirror/files/localized/he/3.3.0/OOo_3.3.0_Linux_x86-64_install-rpm-wJRE_he.tar.gz
http://sourceforge.net/projects/openofficeorg.mirror/files/localized/he/3.3.0/OOo_3.3.0_Linux_x86_install-deb_he.tar.gz
http://sourceforge.net/projects/openofficeorg.mirror/files/localized/he/3.3.0/OOo_3.3.0_Linux_x86_install-rpm-wJRE_he.tar.gz
http://sourceforge.net/projects/openofficeorg.mirror/files/localized/he/3.3.0/OOo_3.3.0_MacOS_PPC_install_he.dmg
http://sourceforge.net/projects/openofficeorg.mirror/files/localized/he/3.3.0/OOo_3.3.0_MacOS_x86_install_he.dmg
http://sourceforge.net/projects/openofficeorg.mirror/files/localized/he/3.3.0/OOo_3.3.0_Solaris_Sparc_install-wJRE_he.tar.gz
http://sourceforge.net/projects/openofficeorg.mirror/files/localized/he/3.3.0/OOo_3.3.0_Solaris_x86_install-wJRE_he.tar.gz
http://sourceforge.net/projects/openofficeorg.mirror/files/localized/he/3.3.0/OOo_3.3.0_Win_x86_install-wJRE_he.exe
http://sourceforge.net/projects/openofficeorg.mirror/files/localized/hu/3.3.0/OOo_3.3.0_Linux_x86-64_install-deb_hu.tar.gz
http://sourceforge.net/projects/openofficeorg.mirror/files/localized/hu/3.3.0/OOo_3.3.0_Linux_x86-64_install-rpm-wJRE_hu.tar.gz
http://sourceforge.net/projects/openofficeorg.mirror/files/localized/hu/3.3.0/OOo_3.3.0_Linux_x86_install-deb_hu.tar.gz
http://sourceforge.net/projects/openofficeorg.mirror/files/localized/hu/3.3.0/OOo_3.3.0_Linux_x86_install-rpm-wJRE_hu.tar.gz
http://sourceforge.net/projects/openofficeorg.mirror/files/localized/hu/3.3.0/OOo_3.3.0_MacOS_x86_install_hu.dmg
http://sourceforge.net/projects/openofficeorg.mirror/files/localized/hu/3.3.0/OOo_3.3.0_Solaris_Sparc_install-wJRE_hu.tar.gz
http://sourceforge.net/projects/openofficeorg.mirror/files/localized/hu/3.3.0/OOo_3.3.0_Solaris_x86_install-wJRE_hu.tar.gz
http://sourceforge.net/projects/openofficeorg.mirror/files/localized/hu/3.3.0/OOo_3.3.0_Win_x86_install-wJRE_hu.exe
http://sourceforge.net/projects/openofficeorg.mirror/files/localized/it/3.3.0/OOo_3.3.0_Linux_x86-64_install-deb_it.tar.gz
http://sourceforge.net/projects/openofficeorg.mirror/files/localized/it/3.3.0/OOo_3.3.0_Linux_x86-64_install-rpm-wJRE_it.tar.gz
http://sourceforge.net/projects/openofficeorg.mirror/files/localized/it/3.3.0/OOo_3.3.0_Linux_x86_install-deb_it.tar.gz
http://sourceforge.net/projects/openofficeorg.mirror/files/localized/it/3.3.0/OOo_3.3.0_Linux_x86_install-rpm-wJRE_it.tar.gz
http://sourceforge.net/projects/openofficeorg.mirror/files/localized/it/3.3.0/OOo_3.3.0_MacOS_x86_install_it.dmg
http://sourceforge.net/projects/openofficeorg.mirror/files/localized/it/3.3.0/OOo_3.3.0_Win_x86_install-wJRE_it.exe
http://sourceforge.net/projects/openofficeorg.mirror/files/localized/ja/3.3.0/OOo_3.3.0_Linux_x86-64_install-deb_ja.tar.gz
http://sourceforge.net/projects/openofficeorg.mirror/files/localized/ja/3.3.0/OOo_3.3.0_Linux_x86-64_install-rpm-wJRE_ja.tar.gz
http://sourceforge.net/projects/openofficeorg.mirror/files/localized/ja/3.3.0/OOo_3.3.0_Linux_x86_install-deb_ja.tar.gz
http://sourceforge.net/projects/openofficeorg.mirror/files/localized/ja/3.3.0/OOo_3.3.0_Linux_x86_install-rpm-wJRE_ja.tar.gz
http://sourceforge.net/projects/openofficeorg.mirror/files/localized/ja/3.3.0/OOo_3.3.0_MacOS_PPC_install_ja.dmg
http://sourceforge.net/projects/openofficeorg.mirror/files/localized/ja/3.3.0/OOo_3.3.0_MacOS_x86_install_ja.dmg
http://sourceforge.net/projects/openofficeorg.mirror/files/localized/ja/3.3.0/OOo_3.3.0_Solaris_Sparc_install-wJRE_ja.tar.gz
http://sourceforge.net/projects/openofficeorg.mirror/files/localized/ja/3.3.0/OOo_3.3.0_Solaris_x86_install-wJRE_ja.tar.gz
http://sourceforge.net/projects/openofficeorg.mirror/files/localized/ja/3.3.0/OOo_3.3.0_Win_x86_install-wJRE_ja.exe
http://sourceforge.net/projects/openofficeorg.mirror/files/localized/km/3.3.0/OOo_3.3.0_Linux_x86-64_install-deb_km.tar.gz
http://sourceforge.net/projects/openofficeorg.mirror/files/localized/km/3.3.0/OOo_3.3.0_Linux_x86-64_install-rpm-wJRE_km.tar.gz
http://sourceforge.net/projects/openofficeorg.mirror/files/localized/km/3.3.0/OOo_3.3.0_Linux_x86_install-deb_km.tar.gz
http://sourceforge.net/projects/openofficeorg.mirror/files/localized/km/3.3.0/OOo_3.3.0_Linux_x86_install-rpm-wJRE_km.tar.gz
http://sourceforge.net/projects/openofficeorg.mirror/files/localized/km/3.3.0/OOo_3.3.0_MacOS_x86_install_km.dmg
http://sourceforge.net/projects/openofficeorg.mirror/files/localized/km/3.3.0/OOo_3.3.0_Solaris_Sparc_install-wJRE_km.tar.gz
http://sourceforge.net/projects/openofficeorg.mirror/files/localized/km/3.3.0/OOo_3.3.0_Solaris_x86_install-wJRE_km.tar.gz
http://sourceforge.net/projects/openofficeorg.mirror/files/localized/km/3.3.0/OOo_3.3.0_Win_x86_install-wJRE_km.exe
http://sourceforge.net/projects/openofficeorg.mirror/files/localized/ko/3.3.0/OOo_3.3.0_Linux_x86_install-deb_ko.tar.gz
http://sourceforge.net/projects/openofficeorg.mirror/files/localized/ko/3.3.0/OOo_3.3.0_MacOS_x86_install_ko.dmg
http://sourceforge.net/projects/openofficeorg.mirror/files/localized/ko/3.3.0/OOo_3.3.0_Solaris_Sparc_install-wJRE_ko.tar.gz
http://sourceforge.net/projects/openofficeorg.mirror/files/localized/ko/3.3.0/OOo_3.3.0_Solaris_x86_install-wJRE_ko.tar.gz
http://sourceforge.net/projects/openofficeorg.mirror/files/localized/ko/3.3.0/OOo_3.3.0_Win_x86_install-wJRE_ko.exe
http://sourceforge.net/projects/openofficeorg.mirror/files/localized/lt/3.3.0/OOo_3.3.0_Linux_x86-64_install-deb_lt.tar.gz
http://sourceforge.net/projects/openofficeorg.mirror/files/localized/lt/3.3.0/OOo_3.3.0_Linux_x86_install-deb_lt.tar.gz
http://sourceforge.net/projects/openofficeorg.mirror/files/localized/lt/3.3.0/OOo_3.3.0_Linux_x86_install-rpm_lt.tar.gz
http://sourceforge.net/projects/openofficeorg.mirror/files/localized/lt/3.3.0/OOo_3.3.0_MacOS_x86_install_lt.dmg
http://sourceforge.net/projects/openofficeorg.mirror/files/localized/lt/3.3.0/OOo_3.3.0_Solaris_Sparc_install-wJRE_lt.tar.gz
http://sourceforge.net/projects/openofficeorg.mirror/files/localized/lt/3.3.0/OOo_3.3.0_Solaris_x86_install-wJRE_lt.tar.gz
http://sourceforge.net/projects/openofficeorg.mirror/files/localized/lt/3.3.0/OOo_3.3.0_Win_x86_install-wJRE_lt.exe
http://sourceforge.net/projects/openofficeorg.mirror/files/localized/mk/3.3.0/OOo_3.3.0_Linux_x86-64_install-deb_mk.tar.gz
http://sourceforge.net/projects/openofficeorg.mirror/files/localized/mk/3.3.0/OOo_3.3.0_Linux_x86-64_install-rpm-wJRE_mk.tar.gz
http://sourceforge.net/projects/openofficeorg.mirror/files/localized/mk/3.3.0/OOo_3.3.0_Linux_x86_install-deb_mk.tar.gz
http://sourceforge.net/projects/openofficeorg.mirror/files/localized/mk/3.3.0/OOo_3.3.0_Linux_x86_install-rpm-wJRE_mk.tar.gz
http://sourceforge.net/projects/openofficeorg.mirror/files/localized/mk/3.3.0/OOo_3.3.0_MacOS_x86_install_mk.dmg
http://sourceforge.net/projects/openofficeorg.mirror/files/localized/mk/3.3.0/OOo_3.3.0_Solaris_Sparc_install-wJRE_mk.tar.gz
http://sourceforge.net/projects/openofficeorg.mirror/files/localized/mk/3.3.0/OOo_3.3.0_Solaris_x86_install-wJRE_mk.tar.gz
http://sourceforge.net/projects/openofficeorg.mirror/files/localized/mk/3.3.0/OOo_3.3.0_Win_x86_install-wJRE_mk.exe
http://sourceforge.net/projects/openofficeorg.mirror/files/localized/nb/3.3.0/OOo_3.3.0_Linux_x86-64_install-deb_nb.tar.gz
http://sourceforge.net/projects/openofficeorg.mirror/files/localized/nb/3.3.0/OOo_3.3.0_Linux_x86-64_install-rpm-wJRE_nb.tar.gz
http://sourceforge.net/projects/openofficeorg.mirror/files/localized/nb/3.3.0/OOo_3.3.0_Linux_x86_install-deb_nb.tar.gz
http://sourceforge.net/projects/openofficeorg.mirror/files/localized/nb/3.3.0/OOo_3.3.0_Linux_x86_install-rpm-wJRE_nb.tar.gz
http://sourceforge.net/projects/openofficeorg.mirror/files/localized/nb/3.3.0/OOo_3.3.0_MacOS_x86_install_nb.dmg
http://sourceforge.net/projects/openofficeorg.mirror/files/localized/nb/3.3.0/OOo_3.3.0_Solaris_Sparc_install-wJRE_nb.tar.gz
http://sourceforge.net/projects/openofficeorg.mirror/files/localized/nb/3.3.0/OOo_3.3.0_Solaris_x86_install-wJRE_nb.tar.gz
http://sourceforge.net/projects/openofficeorg.mirror/files/localized/nb/3.3.0/OOo_3.3.0_Win_x86_install-wJRE_nb.exe
http://sourceforge.net/projects/openofficeorg.mirror/files/localized/nl/3.3.0/OOo_3.3.0_Linux_x86-64_install-deb_nl.tar.gz
http://sourceforge.net/projects/openofficeorg.mirror/files/localized/nl/3.3.0/OOo_3.3.0_Linux_x86-64_install-rpm-wJRE_nl.tar.gz
http://sourceforge.net/projects/openofficeorg.mirror/files/localized/nl/3.3.0/OOo_3.3.0_Linux_x86_install-deb_nl.tar.gz
http://sourceforge.net/projects/openofficeorg.mirror/files/localized/nl/3.3.0/OOo_3.3.0_Linux_x86_install-rpm-wJRE_nl.tar.gz
http://sourceforge.net/projects/openofficeorg.mirror/files/localized/nl/3.3.0/OOo_3.3.0_MacOS_PPC_install_nl.dmg
http://sourceforge.net/projects/openofficeorg.mirror/files/localized/nl/3.3.0/OOo_3.3.0_MacOS_x86_install_nl.dmg
http://sourceforge.net/projects/openofficeorg.mirror/files/localized/nl/3.3.0/OOo_3.3.0_Solaris_Sparc_install-wJRE_nl.tar.gz
http://sourceforge.net/projects/openofficeorg.mirror/files/localized/nl/3.3.0/OOo_3.3.0_Solaris_x86_install-wJRE_nl.tar.gz
http://sourceforge.net/projects/openofficeorg.mirror/files/localized/nl/3.3.0/OOo_3.3.0_Win_x86_install-wJRE_nl.exe
http://sourceforge.net/projects/openofficeorg.mirror/files/localized/om/3.3.0/OOo_3.3.0_Linux_x86-64_install-deb_om.tar.gz
http://sourceforge.net/projects/openofficeorg.mirror/files/localized/om/3.3.0/OOo_3.3.0_Linux_x86-64_install-rpm-wJRE_om.tar.gz
http://sourceforge.net/projects/openofficeorg.mirror/files/localized/om/3.3.0/OOo_3.3.0_Linux_x86_install-deb_om.tar.gz
http://sourceforge.net/projects/openofficeorg.mirror/files/localized/om/3.3.0/OOo_3.3.0_Linux_x86_install-rpm-wJRE_om.tar.gz
http://sourceforge.net/projects/openofficeorg.mirror/files/localized/om/3.3.0/OOo_3.3.0_MacOS_x86_install_om.dmg
http://sourceforge.net/projects/openofficeorg.mirror/files/localized/om/3.3.0/OOo_3.3.0_Solaris_Sparc_install-wJRE_om.tar.gz
http://sourceforge.net/projects/openofficeorg.mirror/files/localized/om/3.3.0/OOo_3.3.0_Solaris_x86_install-wJRE_om.tar.gz
http://sourceforge.net/projects/openofficeorg.mirror/files/localized/om/3.3.0/OOo_3.3.0_Win_x86_install-wJRE_om.exe
http://sourceforge.net/projects/openofficeorg.mirror/files/localized/pl/3.3.0/OOo_3.3.0_Linux_x86-64_install-deb_pl.tar.gz
http://sourceforge.net/projects/openofficeorg.mirror/files/localized/pl/3.3.0/OOo_3.3.0_Linux_x86-64_install-rpm-wJRE_pl.tar.gz
http://sourceforge.net/projects/openofficeorg.mirror/files/localized/pl/3.3.0/OOo_3.3.0_Linux_x86_install-deb_pl.tar.gz
http://sourceforge.net/projects/openofficeorg.mirror/files/localized/pl/3.3.0/OOo_3.3.0_Linux_x86_install-rpm-wJRE_pl.tar.gz
http://sourceforge.net/projects/openofficeorg.mirror/files/localized/pl/3.3.0/OOo_3.3.0_MacOS_x86_install_pl.dmg
http://sourceforge.net/projects/openofficeorg.mirror/files/localized/pl/3.3.0/OOo_3.3.0_Solaris_Sparc_install-wJRE_pl.tar.gz
http://sourceforge.net/projects/openofficeorg.mirror/files/localized/pl/3.3.0/OOo_3.3.0_Solaris_x86_install-wJRE_pl.tar.gz
http://sourceforge.net/projects/openofficeorg.mirror/files/localized/pl/3.3.0/OOo_3.3.0_Win_x86_install-wJRE_pl.exe
http://sourceforge.net/projects/openofficeorg.mirror/files/localized/pt-BR/3.3.0/OOo_3.3.0_Linux_x86-64_install-deb_pt-BR.tar.gz
http://sourceforge.net/projects/openofficeorg.mirror/files/localized/pt-BR/3.3.0/OOo_3.3.0_Linux_x86-64_install-rpm-wJRE_pt-BR.tar.gz
http://sourceforge.net/projects/openofficeorg.mirror/files/localized/pt-BR/3.3.0/OOo_3.3.0_Linux_x86_install-deb_pt-BR.tar.gz
http://sourceforge.net/projects/openofficeorg.mirror/files/localized/pt-BR/3.3.0/OOo_3.3.0_Linux_x86_install-rpm-wJRE_pt-BR.tar.gz
http://sourceforge.net/projects/openofficeorg.mirror/files/localized/pt-BR/3.3.0/OOo_3.3.0_MacOS_x86_install_pt-BR.dmg
http://sourceforge.net/projects/openofficeorg.mirror/files/localized/pt-BR/3.3.0/OOo_3.3.0_Solaris_Sparc_install-wJRE_pt-BR.tar.gz
http://sourceforge.net/projects/openofficeorg.mirror/files/localized/pt-BR/3.3.0/OOo_3.3.0_Solaris_x86_install-wJRE_pt-BR.tar.gz
http://sourceforge.net/projects/openofficeorg.mirror/files/localized/pt-BR/3.3.0/OOo_3.3.0_Win_x86_install-wJRE_pt-BR.exe
http://sourceforge.net/projects/openofficeorg.mirror/files/localized/pt/3.3.0/OOo_3.3.0_Linux_x86_install-deb_pt.tar.gz
http://sourceforge.net/projects/openofficeorg.mirror/files/localized/pt/3.3.0/OOo_3.3.0_Linux_x86_install-rpm-wJRE_pt.tar.gz
http://sourceforge.net/projects/openofficeorg.mirror/files/localized/pt/3.3.0/OOo_3.3.0_MacOS_x86_install_pt.dmg
http://sourceforge.net/projects/openofficeorg.mirror/files/localized/pt/3.3.0/OOo_3.3.0_Solaris_Sparc_install-wJRE_pt.tar.gz
http://sourceforge.net/projects/openofficeorg.mirror/files/localized/pt/3.3.0/OOo_3.3.0_Solaris_x86_install-wJRE_pt.tar.gz
http://sourceforge.net/projects/openofficeorg.mirror/files/localized/pt/3.3.0/OOo_3.3.0_Win_x86_install-wJRE_pt.exe
http://sourceforge.net/projects/openofficeorg.mirror/files/localized/ru/3.3.0/OOo_3.3.0_Linux_x86-64_install-deb_ru.tar.gz
http://sourceforge.net/projects/openofficeorg.mirror/files/localized/ru/3.3.0/OOo_3.3.0_Linux_x86-64_install-rpm-wJRE_ru.tar.gz
http://sourceforge.net/projects/openofficeorg.mirror/files/localized/ru/3.3.0/OOo_3.3.0_Linux_x86_install-deb_ru.tar.gz
http://sourceforge.net/projects/openofficeorg.mirror/files/localized/ru/3.3.0/OOo_3.3.0_Linux_x86_install-rpm-wJRE_ru.tar.gz
http://sourceforge.net/projects/openofficeorg.mirror/files/localized/ru/3.3.0/OOo_3.3.0_MacOS_x86_install_ru.dmg
http://sourceforge.net/projects/openofficeorg.mirror/files/localized/ru/3.3.0/OOo_3.3.0_Solaris_Sparc_install-wJRE_ru.tar.gz
http://sourceforge.net/projects/openofficeorg.mirror/files/localized/ru/3.3.0/OOo_3.3.0_Solaris_x86_install-wJRE_ru.tar.gz
http://sourceforge.net/projects/openofficeorg.mirror/files/localized/ru/3.3.0/OOo_3.3.0_Win_x86_install-wJRE_ru.exe
http://sourceforge.net/projects/openofficeorg.mirror/files/localized/sh/3.3.0/OOo_3.3.0_Linux_x86-64_install-deb_sh.tar.gz
http://sourceforge.net/projects/openofficeorg.mirror/files/localized/sh/3.3.0/OOo_3.3.0_Linux_x86-64_install-rpm-wJRE_sh.tar.gz
http://sourceforge.net/projects/openofficeorg.mirror/files/localized/sh/3.3.0/OOo_3.3.0_Linux_x86_install-deb_sh.tar.gz
http://sourceforge.net/projects/openofficeorg.mirror/files/localized/sh/3.3.0/OOo_3.3.0_Linux_x86_install-rpm-wJRE_sh.tar.gz
http://sourceforge.net/projects/openofficeorg.mirror/files/localized/sh/3.3.0/OOo_3.3.0_MacOS_x86_install_sh.dmg
http://sourceforge.net/projects/openofficeorg.mirror/files/localized/sh/3.3.0/OOo_3.3.0_Solaris_Sparc_install-wJRE_sh.tar.gz
http://sourceforge.net/projects/openofficeorg.mirror/files/localized/sh/3.3.0/OOo_3.3.0_Solaris_x86_install-wJRE_sh.tar.gz
http://sourceforge.net/projects/openofficeorg.mirror/files/localized/sh/3.3.0/OOo_3.3.0_Win_x86_install-wJRE_sh.exe
http://sourceforge.net/projects/openofficeorg.mirror/files/localized/sl/3.3.0/OOo_3.3.0_Linux_x86-64_install-deb_sl.tar.gz
http://sourceforge.net/projects/openofficeorg.mirror/files/localized/sl/3.3.0/OOo_3.3.0_Linux_x86-64_install-rpm-wJRE_sl.tar.gz
http://sourceforge.net/projects/openofficeorg.mirror/files/localized/sl/3.3.0/OOo_3.3.0_Linux_x86_install-deb_sl.tar.gz
http://sourceforge.net/projects/openofficeorg.mirror/files/localized/sl/3.3.0/OOo_3.3.0_Linux_x86_install-rpm-wJRE_sl.tar.gz
http://sourceforge.net/projects/openofficeorg.mirror/files/localized/sl/3.3.0/OOo_3.3.0_MacOS_PPC_install_sl.dmg
http://sourceforge.net/projects/openofficeorg.mirror/files/localized/sl/3.3.0/OOo_3.3.0_MacOS_x86_install_sl.dmg
http://sourceforge.net/projects/openofficeorg.mirror/files/localized/sl/3.3.0/OOo_3.3.0_Solaris_Sparc_install-wJRE_sl.tar.gz
http://sourceforge.net/projects/openofficeorg.mirror/files/localized/sl/3.3.0/OOo_3.3.0_Solaris_x86_install-wJRE_sl.tar.gz
http://sourceforge.net/projects/openofficeorg.mirror/files/localized/sl/3.3.0/OOo_3.3.0_Win_x86_install-wJRE_sl.exe
http://sourceforge.net/projects/openofficeorg.mirror/files/localized/sr/3.3.0/OOo_3.3.0_Linux_x86-64_install-deb_sr.tar.gz
http://sourceforge.net/projects/openofficeorg.mirror/files/localized/sr/3.3.0/OOo_3.3.0_Linux_x86-64_install-rpm-wJRE_sr.tar.gz
http://sourceforge.net/projects/openofficeorg.mirror/files/localized/sr/3.3.0/OOo_3.3.0_Linux_x86_install-deb_sr.tar.gz
http://sourceforge.net/projects/openofficeorg.mirror/files/localized/sr/3.3.0/OOo_3.3.0_Linux_x86_install-rpm-wJRE_sr.tar.gz
http://sourceforge.net/projects/openofficeorg.mirror/files/localized/sr/3.3.0/OOo_3.3.0_MacOS_x86_install_sr.dmg
http://sourceforge.net/projects/openofficeorg.mirror/files/localized/sr/3.3.0/OOo_3.3.0_Solaris_Sparc_install-wJRE_sr.tar.gz
http://sourceforge.net/projects/openofficeorg.mirror/files/localized/sr/3.3.0/OOo_3.3.0_Solaris_x86_install-wJRE_sr.tar.gz
http://sourceforge.net/projects/openofficeorg.mirror/files/localized/sr/3.3.0/OOo_3.3.0_Win_x86_install-wJRE_sr.exe
http://sourceforge.net/projects/openofficeorg.mirror/files/localized/sv/3.3.0/OOo_3.3.0_Linux_x86-64_install-deb_sv.tar.gz
http://sourceforge.net/projects/openofficeorg.mirror/files/localized/sv/3.3.0/OOo_3.3.0_Linux_x86-64_install-rpm-wJRE_sv.tar.gz
http://sourceforge.net/projects/openofficeorg.mirror/files/localized/sv/3.3.0/OOo_3.3.0_Linux_x86_install-deb_sv.tar.gz
http://sourceforge.net/projects/openofficeorg.mirror/files/localized/sv/3.3.0/OOo_3.3.0_Linux_x86_install-rpm-wJRE_sv.tar.gz
http://sourceforge.net/projects/openofficeorg.mirror/files/localized/sv/3.3.0/OOo_3.3.0_MacOS_x86_install_sv.dmg
http://sourceforge.net/projects/openofficeorg.mirror/files/localized/sv/3.3.0/OOo_3.3.0_Solaris_Sparc_install-wJRE_sv.tar.gz
http://sourceforge.net/projects/openofficeorg.mirror/files/localized/sv/3.3.0/OOo_3.3.0_Solaris_x86_install-wJRE_sv.tar.gz
http://sourceforge.net/projects/openofficeorg.mirror/files/localized/sv/3.3.0/OOo_3.3.0_Win_x86_install-wJRE_sv.exe
http://sourceforge.net/projects/openofficeorg.mirror/files/localized/tr/3.3.0/OOo_3.3.0_Linux_x86-64_install-deb_tr.tar.gz
http://sourceforge.net/projects/openofficeorg.mirror/files/localized/tr/3.3.0/OOo_3.3.0_Linux_x86-64_install-rpm-wJRE_tr.tar.gz
http://sourceforge.net/projects/openofficeorg.mirror/files/localized/tr/3.3.0/OOo_3.3.0_Linux_x86_install-deb_tr.tar.gz
http://sourceforge.net/projects/openofficeorg.mirror/files/localized/tr/3.3.0/OOo_3.3.0_Linux_x86_install-rpm-wJRE_tr.tar.gz
http://sourceforge.net/projects/openofficeorg.mirror/files/localized/tr/3.3.0/OOo_3.3.0_MacOS_x86_install_tr.dmg
http://sourceforge.net/projects/openofficeorg.mirror/files/localized/tr/3.3.0/OOo_3.3.0_Solaris_Sparc_install-wJRE_tr.tar.gz
http://sourceforge.net/projects/openofficeorg.mirror/files/localized/tr/3.3.0/OOo_3.3.0_Solaris_x86_install-wJRE_tr.tar.gz
http://sourceforge.net/projects/openofficeorg.mirror/files/localized/tr/3.3.0/OOo_3.3.0_Win_x86_install-wJRE_tr.exe
http://sourceforge.net/projects/openofficeorg.mirror/files/localized/vi/3.3.0/OOo_3.3.0_Linux_x86-64_install-deb_vi.tar.gz
http://sourceforge.net/projects/openofficeorg.mirror/files/localized/vi/3.3.0/OOo_3.3.0_Linux_x86-64_install-rpm-wJRE_vi.tar.gz
http://sourceforge.net/projects/openofficeorg.mirror/files/localized/vi/3.3.0/OOo_3.3.0_Linux_x86_install-deb_vi.tar.gz
http://sourceforge.net/projects/openofficeorg.mirror/files/localized/vi/3.3.0/OOo_3.3.0_Linux_x86_install-rpm-wJRE_vi.tar.gz
http://sourceforge.net/projects/openofficeorg.mirror/files/localized/vi/3.3.0/OOo_3.3.0_MacOS_x86_install_vi.dmg
http://sourceforge.net/projects/openofficeorg.mirror/files/localized/vi/3.3.0/OOo_3.3.0_Solaris_Sparc_install-wJRE_vi.tar.gz
http://sourceforge.net/projects/openofficeorg.mirror/files/localized/vi/3.3.0/OOo_3.3.0_Solaris_x86_install-wJRE_vi.tar.gz
http://sourceforge.net/projects/openofficeorg.mirror/files/localized/vi/3.3.0/OOo_3.3.0_Win_x86_install-wJRE_vi.exe
http://sourceforge.net/projects/openofficeorg.mirror/files/localized/zh-CN/3.3.0/OOo_3.3.0_Linux_x86-64_install-deb_zh-CN.tar.gz
http://sourceforge.net/projects/openofficeorg.mirror/files/localized/zh-CN/3.3.0/OOo_3.3.0_Linux_x86-64_install-rpm-wJRE_zh-CN.tar.gz
http://sourceforge.net/projects/openofficeorg.mirror/files/localized/zh-CN/3.3.0/OOo_3.3.0_Linux_x86_install-deb_zh-CN.tar.gz
http://sourceforge.net/projects/openofficeorg.mirror/files/localized/zh-CN/3.3.0/OOo_3.3.0_Linux_x86_install-rpm-wJRE_zh-CN.tar.gz
http://sourceforge.net/projects/openofficeorg.mirror/files/localized/zh-CN/3.3.0/OOo_3.3.0_MacOS_x86_install_zh-CN.dmg
http://sourceforge.net/projects/openofficeorg.mirror/files/localized/zh-CN/3.3.0/OOo_3.3.0_Solaris_x86_install-wJRE_zh-CN.tar.gz
http://sourceforge.net/projects/openofficeorg.mirror/files/localized/zh-CN/3.3.0/OOo_3.3.0_Win_x86_install-wJRE_zh-CN.exe
http://sourceforge.net/projects/openofficeorg.mirror/files/localized/zh-TW/3.3.0/OOo_3.3.0_Linux_x86-64_install-deb_zh-TW.tar.gz
http://sourceforge.net/projects/openofficeorg.mirror/files/localized/zh-TW/3.3.0/OOo_3.3.0_Linux_x86-64_install-rpm-wJRE_zh-TW.tar.gz
http://sourceforge.net/projects/openofficeorg.mirror/files/localized/zh-TW/3.3.0/OOo_3.3.0_Linux_x86_install-deb_zh-TW.tar.gz
http://sourceforge.net/projects/openofficeorg.mirror/files/localized/zh-TW/3.3.0/OOo_3.3.0_Linux_x86_install-rpm-wJRE_zh-TW.tar.gz
http://sourceforge.net/projects/openofficeorg.mirror/files/localized/zh-TW/3.3.0/OOo_3.3.0_MacOS_x86_install_zh-TW.dmg
http://sourceforge.net/projects/openofficeorg.mirror/files/localized/zh-TW/3.3.0/OOo_3.3.0_Solaris_x86_install-wJRE_zh-TW.tar.gz
http://sourceforge.net/projects/openofficeorg.mirror/files/localized/zh-TW/3.3.0/OOo_3.3.0_Win_x86_install-wJRE_zh-TW.exe
http://sourceforge.net/projects/openofficeorg.mirror/files/stable/3.3.0/OOo_3.3.0_Linux_x86-64_install-deb_en-US.tar.gz
http://sourceforge.net/projects/openofficeorg.mirror/files/stable/3.3.0/OOo_3.3.0_Linux_x86-64_install-rpm-wJRE_en-US.tar.gz
http://sourceforge.net/projects/openofficeorg.mirror/files/stable/3.3.0/OOo_3.3.0_Linux_x86_install-deb_en-US.tar.gz
http://sourceforge.net/projects/openofficeorg.mirror/files/stable/3.3.0/OOo_3.3.0_Linux_x86_install-rpm-wJRE_en-US.tar.gz
http://sourceforge.net/projects/openofficeorg.mirror/files/stable/3.3.0/OOo_3.3.0_MacOS_x86_install_en-US.dmg
http://sourceforge.net/projects/openofficeorg.mirror/files/stable/3.3.0/OOo_3.3.0_Solaris_Sparc_install-wJRE_en-US.tar.gz
http://sourceforge.net/projects/openofficeorg.mirror/files/stable/3.3.0/OOo_3.3.0_Solaris_x86_install-wJRE_en-US.tar.gz
http://sourceforge.net/projects/openofficeorg.mirror/files/stable/3.3.0/OOo_3.3.0_Win_x86_install-wJRE_en-US.exe
