https://sourceforge.net/projects/openofficeorg.mirror/files/4.1.7/binaries/ast/Apache_OpenOffice_4.1.7_Linux_x86-64_install-deb_ast.tar.gz
https://sourceforge.net/projects/openofficeorg.mirror/files/4.1.7/binaries/ast/Apache_OpenOffice_4.1.7_Linux_x86-64_install-rpm_ast.tar.gz
https://sourceforge.net/projects/openofficeorg.mirror/files/4.1.7/binaries/ast/Apache_OpenOffice_4.1.7_Linux_x86_install-deb_ast.tar.gz
https://sourceforge.net/projects/openofficeorg.mirror/files/4.1.7/binaries/ast/Apache_OpenOffice_4.1.7_Linux_x86_install-rpm_ast.tar.gz
https://sourceforge.net/projects/openofficeorg.mirror/files/4.1.7/binaries/ast/Apache_OpenOffice_4.1.7_MacOS_x86-64_install_ast.dmg
https://sourceforge.net/projects/openofficeorg.mirror/files/4.1.7/binaries/ast/Apache_OpenOffice_4.1.7_Win_x86_install_ast.exe
https://sourceforge.net/projects/openofficeorg.mirror/files/4.1.7/binaries/bg/Apache_OpenOffice_4.1.7_Linux_x86-64_install-deb_bg.tar.gz
https://sourceforge.net/projects/openofficeorg.mirror/files/4.1.7/binaries/bg/Apache_OpenOffice_4.1.7_Linux_x86-64_install-rpm_bg.tar.gz
https://sourceforge.net/projects/openofficeorg.mirror/files/4.1.7/binaries/bg/Apache_OpenOffice_4.1.7_Linux_x86_install-deb_bg.tar.gz
https://sourceforge.net/projects/openofficeorg.mirror/files/4.1.7/binaries/bg/Apache_OpenOffice_4.1.7_Linux_x86_install-rpm_bg.tar.gz
https://sourceforge.net/projects/openofficeorg.mirror/files/4.1.7/binaries/bg/Apache_OpenOffice_4.1.7_MacOS_x86-64_install_bg.dmg
https://sourceforge.net/projects/openofficeorg.mirror/files/4.1.7/binaries/bg/Apache_OpenOffice_4.1.7_Win_x86_install_bg.exe
https://sourceforge.net/projects/openofficeorg.mirror/files/4.1.7/binaries/ca/Apache_OpenOffice_4.1.7_Linux_x86-64_install-deb_ca.tar.gz
https://sourceforge.net/projects/openofficeorg.mirror/files/4.1.7/binaries/ca/Apache_OpenOffice_4.1.7_Linux_x86-64_install-rpm_ca.tar.gz
https://sourceforge.net/projects/openofficeorg.mirror/files/4.1.7/binaries/ca/Apache_OpenOffice_4.1.7_Linux_x86_install-deb_ca.tar.gz
https://sourceforge.net/projects/openofficeorg.mirror/files/4.1.7/binaries/ca/Apache_OpenOffice_4.1.7_Linux_x86_install-rpm_ca.tar.gz
https://sourceforge.net/projects/openofficeorg.mirror/files/4.1.7/binaries/ca/Apache_OpenOffice_4.1.7_MacOS_x86-64_install_ca.dmg
https://sourceforge.net/projects/openofficeorg.mirror/files/4.1.7/binaries/ca/Apache_OpenOffice_4.1.7_Win_x86_install_ca.exe
https://sourceforge.net/projects/openofficeorg.mirror/files/4.1.7/binaries/ca-XR/Apache_OpenOffice_4.1.7_Linux_x86-64_install-deb_ca-XR.tar.gz
https://sourceforge.net/projects/openofficeorg.mirror/files/4.1.7/binaries/ca-XR/Apache_OpenOffice_4.1.7_Linux_x86-64_install-rpm_ca-XR.tar.gz
https://sourceforge.net/projects/openofficeorg.mirror/files/4.1.7/binaries/ca-XR/Apache_OpenOffice_4.1.7_Linux_x86_install-deb_ca-XR.tar.gz
https://sourceforge.net/projects/openofficeorg.mirror/files/4.1.7/binaries/ca-XR/Apache_OpenOffice_4.1.7_Linux_x86_install-rpm_ca-XR.tar.gz
https://sourceforge.net/projects/openofficeorg.mirror/files/4.1.7/binaries/ca-XR/Apache_OpenOffice_4.1.7_MacOS_x86-64_install_ca-XR.dmg
https://sourceforge.net/projects/openofficeorg.mirror/files/4.1.7/binaries/ca-XR/Apache_OpenOffice_4.1.7_Win_x86_install_ca-XR.exe
https://sourceforge.net/projects/openofficeorg.mirror/files/4.1.7/binaries/ca-XV/Apache_OpenOffice_4.1.7_Linux_x86-64_install-deb_ca-XV.tar.gz
https://sourceforge.net/projects/openofficeorg.mirror/files/4.1.7/binaries/ca-XV/Apache_OpenOffice_4.1.7_Linux_x86-64_install-rpm_ca-XV.tar.gz
https://sourceforge.net/projects/openofficeorg.mirror/files/4.1.7/binaries/ca-XV/Apache_OpenOffice_4.1.7_Linux_x86_install-deb_ca-XV.tar.gz
https://sourceforge.net/projects/openofficeorg.mirror/files/4.1.7/binaries/ca-XV/Apache_OpenOffice_4.1.7_Linux_x86_install-rpm_ca-XV.tar.gz
https://sourceforge.net/projects/openofficeorg.mirror/files/4.1.7/binaries/ca-XV/Apache_OpenOffice_4.1.7_MacOS_x86-64_install_ca-XV.dmg
https://sourceforge.net/projects/openofficeorg.mirror/files/4.1.7/binaries/ca-XV/Apache_OpenOffice_4.1.7_Win_x86_install_ca-XV.exe
https://sourceforge.net/projects/openofficeorg.mirror/files/4.1.7/binaries/cs/Apache_OpenOffice_4.1.7_Linux_x86-64_install-deb_cs.tar.gz
https://sourceforge.net/projects/openofficeorg.mirror/files/4.1.7/binaries/cs/Apache_OpenOffice_4.1.7_Linux_x86-64_install-rpm_cs.tar.gz
https://sourceforge.net/projects/openofficeorg.mirror/files/4.1.7/binaries/cs/Apache_OpenOffice_4.1.7_Linux_x86_install-deb_cs.tar.gz
https://sourceforge.net/projects/openofficeorg.mirror/files/4.1.7/binaries/cs/Apache_OpenOffice_4.1.7_Linux_x86_install-rpm_cs.tar.gz
https://sourceforge.net/projects/openofficeorg.mirror/files/4.1.7/binaries/cs/Apache_OpenOffice_4.1.7_MacOS_x86-64_install_cs.dmg
https://sourceforge.net/projects/openofficeorg.mirror/files/4.1.7/binaries/cs/Apache_OpenOffice_4.1.7_Win_x86_install_cs.exe
https://sourceforge.net/projects/openofficeorg.mirror/files/4.1.7/binaries/da/Apache_OpenOffice_4.1.7_Linux_x86-64_install-deb_da.tar.gz
https://sourceforge.net/projects/openofficeorg.mirror/files/4.1.7/binaries/da/Apache_OpenOffice_4.1.7_Linux_x86-64_install-rpm_da.tar.gz
https://sourceforge.net/projects/openofficeorg.mirror/files/4.1.7/binaries/da/Apache_OpenOffice_4.1.7_Linux_x86_install-deb_da.tar.gz
https://sourceforge.net/projects/openofficeorg.mirror/files/4.1.7/binaries/da/Apache_OpenOffice_4.1.7_Linux_x86_install-rpm_da.tar.gz
https://sourceforge.net/projects/openofficeorg.mirror/files/4.1.7/binaries/da/Apache_OpenOffice_4.1.7_MacOS_x86-64_install_da.dmg
https://sourceforge.net/projects/openofficeorg.mirror/files/4.1.7/binaries/da/Apache_OpenOffice_4.1.7_Win_x86_install_da.exe
https://sourceforge.net/projects/openofficeorg.mirror/files/4.1.7/binaries/de/Apache_OpenOffice_4.1.7_Linux_x86-64_install-deb_de.tar.gz
https://sourceforge.net/projects/openofficeorg.mirror/files/4.1.7/binaries/de/Apache_OpenOffice_4.1.7_Linux_x86-64_install-rpm_de.tar.gz
https://sourceforge.net/projects/openofficeorg.mirror/files/4.1.7/binaries/de/Apache_OpenOffice_4.1.7_Linux_x86_install-deb_de.tar.gz
https://sourceforge.net/projects/openofficeorg.mirror/files/4.1.7/binaries/de/Apache_OpenOffice_4.1.7_Linux_x86_install-rpm_de.tar.gz
https://sourceforge.net/projects/openofficeorg.mirror/files/4.1.7/binaries/de/Apache_OpenOffice_4.1.7_MacOS_x86-64_install_de.dmg
https://sourceforge.net/projects/openofficeorg.mirror/files/4.1.7/binaries/de/Apache_OpenOffice_4.1.7_Win_x86_install_de.exe
https://sourceforge.net/projects/openofficeorg.mirror/files/4.1.7/binaries/el/Apache_OpenOffice_4.1.7_Linux_x86-64_install-deb_el.tar.gz
https://sourceforge.net/projects/openofficeorg.mirror/files/4.1.7/binaries/el/Apache_OpenOffice_4.1.7_Linux_x86-64_install-rpm_el.tar.gz
https://sourceforge.net/projects/openofficeorg.mirror/files/4.1.7/binaries/el/Apache_OpenOffice_4.1.7_Linux_x86_install-deb_el.tar.gz
https://sourceforge.net/projects/openofficeorg.mirror/files/4.1.7/binaries/el/Apache_OpenOffice_4.1.7_Linux_x86_install-rpm_el.tar.gz
https://sourceforge.net/projects/openofficeorg.mirror/files/4.1.7/binaries/el/Apache_OpenOffice_4.1.7_MacOS_x86-64_install_el.dmg
https://sourceforge.net/projects/openofficeorg.mirror/files/4.1.7/binaries/el/Apache_OpenOffice_4.1.7_Win_x86_install_el.exe
https://sourceforge.net/projects/openofficeorg.mirror/files/4.1.7/binaries/en-GB/Apache_OpenOffice_4.1.7_Linux_x86-64_install-deb_en-GB.tar.gz
https://sourceforge.net/projects/openofficeorg.mirror/files/4.1.7/binaries/en-GB/Apache_OpenOffice_4.1.7_Linux_x86-64_install-rpm_en-GB.tar.gz
https://sourceforge.net/projects/openofficeorg.mirror/files/4.1.7/binaries/en-GB/Apache_OpenOffice_4.1.7_Linux_x86_install-deb_en-GB.tar.gz
https://sourceforge.net/projects/openofficeorg.mirror/files/4.1.7/binaries/en-GB/Apache_OpenOffice_4.1.7_Linux_x86_install-rpm_en-GB.tar.gz
https://sourceforge.net/projects/openofficeorg.mirror/files/4.1.7/binaries/en-GB/Apache_OpenOffice_4.1.7_MacOS_x86-64_install_en-GB.dmg
https://sourceforge.net/projects/openofficeorg.mirror/files/4.1.7/binaries/en-GB/Apache_OpenOffice_4.1.7_Win_x86_install_en-GB.exe
https://sourceforge.net/projects/openofficeorg.mirror/files/4.1.7/binaries/en-US/Apache_OpenOffice_4.1.7_Linux_x86-64_install-deb_en-US.tar.gz
https://sourceforge.net/projects/openofficeorg.mirror/files/4.1.7/binaries/en-US/Apache_OpenOffice_4.1.7_Linux_x86-64_install-rpm_en-US.tar.gz
https://sourceforge.net/projects/openofficeorg.mirror/files/4.1.7/binaries/en-US/Apache_OpenOffice_4.1.7_Linux_x86_install-deb_en-US.tar.gz
https://sourceforge.net/projects/openofficeorg.mirror/files/4.1.7/binaries/en-US/Apache_OpenOffice_4.1.7_Linux_x86_install-rpm_en-US.tar.gz
https://sourceforge.net/projects/openofficeorg.mirror/files/4.1.7/binaries/en-US/Apache_OpenOffice_4.1.7_MacOS_x86-64_install_en-US.dmg
https://sourceforge.net/projects/openofficeorg.mirror/files/4.1.7/binaries/en-US/Apache_OpenOffice_4.1.7_Win_x86_install_en-US.exe
https://sourceforge.net/projects/openofficeorg.mirror/files/4.1.7/binaries/es/Apache_OpenOffice_4.1.7_Linux_x86-64_install-deb_es.tar.gz
https://sourceforge.net/projects/openofficeorg.mirror/files/4.1.7/binaries/es/Apache_OpenOffice_4.1.7_Linux_x86-64_install-rpm_es.tar.gz
https://sourceforge.net/projects/openofficeorg.mirror/files/4.1.7/binaries/es/Apache_OpenOffice_4.1.7_Linux_x86_install-deb_es.tar.gz
https://sourceforge.net/projects/openofficeorg.mirror/files/4.1.7/binaries/es/Apache_OpenOffice_4.1.7_Linux_x86_install-rpm_es.tar.gz
https://sourceforge.net/projects/openofficeorg.mirror/files/4.1.7/binaries/es/Apache_OpenOffice_4.1.7_MacOS_x86-64_install_es.dmg
https://sourceforge.net/projects/openofficeorg.mirror/files/4.1.7/binaries/es/Apache_OpenOffice_4.1.7_Win_x86_install_es.exe
https://sourceforge.net/projects/openofficeorg.mirror/files/4.1.7/binaries/eu/Apache_OpenOffice_4.1.7_Linux_x86-64_install-deb_eu.tar.gz
https://sourceforge.net/projects/openofficeorg.mirror/files/4.1.7/binaries/eu/Apache_OpenOffice_4.1.7_Linux_x86-64_install-rpm_eu.tar.gz
https://sourceforge.net/projects/openofficeorg.mirror/files/4.1.7/binaries/eu/Apache_OpenOffice_4.1.7_Linux_x86_install-deb_eu.tar.gz
https://sourceforge.net/projects/openofficeorg.mirror/files/4.1.7/binaries/eu/Apache_OpenOffice_4.1.7_Linux_x86_install-rpm_eu.tar.gz
https://sourceforge.net/projects/openofficeorg.mirror/files/4.1.7/binaries/eu/Apache_OpenOffice_4.1.7_MacOS_x86-64_install_eu.dmg
https://sourceforge.net/projects/openofficeorg.mirror/files/4.1.7/binaries/eu/Apache_OpenOffice_4.1.7_Win_x86_install_eu.exe
https://sourceforge.net/projects/openofficeorg.mirror/files/4.1.7/binaries/fi/Apache_OpenOffice_4.1.7_Linux_x86-64_install-deb_fi.tar.gz
https://sourceforge.net/projects/openofficeorg.mirror/files/4.1.7/binaries/fi/Apache_OpenOffice_4.1.7_Linux_x86-64_install-rpm_fi.tar.gz
https://sourceforge.net/projects/openofficeorg.mirror/files/4.1.7/binaries/fi/Apache_OpenOffice_4.1.7_Linux_x86_install-deb_fi.tar.gz
https://sourceforge.net/projects/openofficeorg.mirror/files/4.1.7/binaries/fi/Apache_OpenOffice_4.1.7_Linux_x86_install-rpm_fi.tar.gz
https://sourceforge.net/projects/openofficeorg.mirror/files/4.1.7/binaries/fi/Apache_OpenOffice_4.1.7_MacOS_x86-64_install_fi.dmg
https://sourceforge.net/projects/openofficeorg.mirror/files/4.1.7/binaries/fi/Apache_OpenOffice_4.1.7_Win_x86_install_fi.exe
https://sourceforge.net/projects/openofficeorg.mirror/files/4.1.7/binaries/fr/Apache_OpenOffice_4.1.7_Linux_x86-64_install-deb_fr.tar.gz
https://sourceforge.net/projects/openofficeorg.mirror/files/4.1.7/binaries/fr/Apache_OpenOffice_4.1.7_Linux_x86-64_install-rpm_fr.tar.gz
https://sourceforge.net/projects/openofficeorg.mirror/files/4.1.7/binaries/fr/Apache_OpenOffice_4.1.7_Linux_x86_install-deb_fr.tar.gz
https://sourceforge.net/projects/openofficeorg.mirror/files/4.1.7/binaries/fr/Apache_OpenOffice_4.1.7_Linux_x86_install-rpm_fr.tar.gz
https://sourceforge.net/projects/openofficeorg.mirror/files/4.1.7/binaries/fr/Apache_OpenOffice_4.1.7_MacOS_x86-64_install_fr.dmg
https://sourceforge.net/projects/openofficeorg.mirror/files/4.1.7/binaries/fr/Apache_OpenOffice_4.1.7_Win_x86_install_fr.exe
https://sourceforge.net/projects/openofficeorg.mirror/files/4.1.7/binaries/gd/Apache_OpenOffice_4.1.7_Linux_x86-64_install-deb_gd.tar.gz
https://sourceforge.net/projects/openofficeorg.mirror/files/4.1.7/binaries/gd/Apache_OpenOffice_4.1.7_Linux_x86-64_install-rpm_gd.tar.gz
https://sourceforge.net/projects/openofficeorg.mirror/files/4.1.7/binaries/gd/Apache_OpenOffice_4.1.7_Linux_x86_install-deb_gd.tar.gz
https://sourceforge.net/projects/openofficeorg.mirror/files/4.1.7/binaries/gd/Apache_OpenOffice_4.1.7_Linux_x86_install-rpm_gd.tar.gz
https://sourceforge.net/projects/openofficeorg.mirror/files/4.1.7/binaries/gd/Apache_OpenOffice_4.1.7_MacOS_x86-64_install_gd.dmg
https://sourceforge.net/projects/openofficeorg.mirror/files/4.1.7/binaries/gd/Apache_OpenOffice_4.1.7_Win_x86_install_gd.exe
https://sourceforge.net/projects/openofficeorg.mirror/files/4.1.7/binaries/gl/Apache_OpenOffice_4.1.7_Linux_x86-64_install-deb_gl.tar.gz
https://sourceforge.net/projects/openofficeorg.mirror/files/4.1.7/binaries/gl/Apache_OpenOffice_4.1.7_Linux_x86-64_install-rpm_gl.tar.gz
https://sourceforge.net/projects/openofficeorg.mirror/files/4.1.7/binaries/gl/Apache_OpenOffice_4.1.7_Linux_x86_install-deb_gl.tar.gz
https://sourceforge.net/projects/openofficeorg.mirror/files/4.1.7/binaries/gl/Apache_OpenOffice_4.1.7_Linux_x86_install-rpm_gl.tar.gz
https://sourceforge.net/projects/openofficeorg.mirror/files/4.1.7/binaries/gl/Apache_OpenOffice_4.1.7_MacOS_x86-64_install_gl.dmg
https://sourceforge.net/projects/openofficeorg.mirror/files/4.1.7/binaries/gl/Apache_OpenOffice_4.1.7_Win_x86_install_gl.exe
https://sourceforge.net/projects/openofficeorg.mirror/files/4.1.7/binaries/he/Apache_OpenOffice_4.1.7_Linux_x86-64_install-deb_he.tar.gz
https://sourceforge.net/projects/openofficeorg.mirror/files/4.1.7/binaries/he/Apache_OpenOffice_4.1.7_Linux_x86-64_install-rpm_he.tar.gz
https://sourceforge.net/projects/openofficeorg.mirror/files/4.1.7/binaries/he/Apache_OpenOffice_4.1.7_Linux_x86_install-deb_he.tar.gz
https://sourceforge.net/projects/openofficeorg.mirror/files/4.1.7/binaries/he/Apache_OpenOffice_4.1.7_Linux_x86_install-rpm_he.tar.gz
https://sourceforge.net/projects/openofficeorg.mirror/files/4.1.7/binaries/he/Apache_OpenOffice_4.1.7_MacOS_x86-64_install_he.dmg
https://sourceforge.net/projects/openofficeorg.mirror/files/4.1.7/binaries/he/Apache_OpenOffice_4.1.7_Win_x86_install_he.exe
https://sourceforge.net/projects/openofficeorg.mirror/files/4.1.7/binaries/hi/Apache_OpenOffice_4.1.7_Linux_x86-64_install-deb_hi.tar.gz
https://sourceforge.net/projects/openofficeorg.mirror/files/4.1.7/binaries/hi/Apache_OpenOffice_4.1.7_Linux_x86-64_install-rpm_hi.tar.gz
https://sourceforge.net/projects/openofficeorg.mirror/files/4.1.7/binaries/hi/Apache_OpenOffice_4.1.7_Linux_x86_install-deb_hi.tar.gz
https://sourceforge.net/projects/openofficeorg.mirror/files/4.1.7/binaries/hi/Apache_OpenOffice_4.1.7_Linux_x86_install-rpm_hi.tar.gz
https://sourceforge.net/projects/openofficeorg.mirror/files/4.1.7/binaries/hi/Apache_OpenOffice_4.1.7_MacOS_x86-64_install_hi.dmg
https://sourceforge.net/projects/openofficeorg.mirror/files/4.1.7/binaries/hi/Apache_OpenOffice_4.1.7_Win_x86_install_hi.exe
https://sourceforge.net/projects/openofficeorg.mirror/files/4.1.7/binaries/hu/Apache_OpenOffice_4.1.7_Linux_x86-64_install-deb_hu.tar.gz
https://sourceforge.net/projects/openofficeorg.mirror/files/4.1.7/binaries/hu/Apache_OpenOffice_4.1.7_Linux_x86-64_install-rpm_hu.tar.gz
https://sourceforge.net/projects/openofficeorg.mirror/files/4.1.7/binaries/hu/Apache_OpenOffice_4.1.7_Linux_x86_install-deb_hu.tar.gz
https://sourceforge.net/projects/openofficeorg.mirror/files/4.1.7/binaries/hu/Apache_OpenOffice_4.1.7_Linux_x86_install-rpm_hu.tar.gz
https://sourceforge.net/projects/openofficeorg.mirror/files/4.1.7/binaries/hu/Apache_OpenOffice_4.1.7_MacOS_x86-64_install_hu.dmg
https://sourceforge.net/projects/openofficeorg.mirror/files/4.1.7/binaries/hu/Apache_OpenOffice_4.1.7_Win_x86_install_hu.exe
https://sourceforge.net/projects/openofficeorg.mirror/files/4.1.7/binaries/it/Apache_OpenOffice_4.1.7_Linux_x86-64_install-deb_it.tar.gz
https://sourceforge.net/projects/openofficeorg.mirror/files/4.1.7/binaries/it/Apache_OpenOffice_4.1.7_Linux_x86-64_install-rpm_it.tar.gz
https://sourceforge.net/projects/openofficeorg.mirror/files/4.1.7/binaries/it/Apache_OpenOffice_4.1.7_Linux_x86_install-deb_it.tar.gz
https://sourceforge.net/projects/openofficeorg.mirror/files/4.1.7/binaries/it/Apache_OpenOffice_4.1.7_Linux_x86_install-rpm_it.tar.gz
https://sourceforge.net/projects/openofficeorg.mirror/files/4.1.7/binaries/it/Apache_OpenOffice_4.1.7_MacOS_x86-64_install_it.dmg
https://sourceforge.net/projects/openofficeorg.mirror/files/4.1.7/binaries/it/Apache_OpenOffice_4.1.7_Win_x86_install_it.exe
https://sourceforge.net/projects/openofficeorg.mirror/files/4.1.7/binaries/ja/Apache_OpenOffice_4.1.7_Linux_x86-64_install-deb_ja.tar.gz
https://sourceforge.net/projects/openofficeorg.mirror/files/4.1.7/binaries/ja/Apache_OpenOffice_4.1.7_Linux_x86-64_install-rpm_ja.tar.gz
https://sourceforge.net/projects/openofficeorg.mirror/files/4.1.7/binaries/ja/Apache_OpenOffice_4.1.7_Linux_x86_install-deb_ja.tar.gz
https://sourceforge.net/projects/openofficeorg.mirror/files/4.1.7/binaries/ja/Apache_OpenOffice_4.1.7_Linux_x86_install-rpm_ja.tar.gz
https://sourceforge.net/projects/openofficeorg.mirror/files/4.1.7/binaries/ja/Apache_OpenOffice_4.1.7_MacOS_x86-64_install_ja.dmg
https://sourceforge.net/projects/openofficeorg.mirror/files/4.1.7/binaries/ja/Apache_OpenOffice_4.1.7_Win_x86_install_ja.exe
https://sourceforge.net/projects/openofficeorg.mirror/files/4.1.7/binaries/km/Apache_OpenOffice_4.1.7_Linux_x86-64_install-deb_km.tar.gz
https://sourceforge.net/projects/openofficeorg.mirror/files/4.1.7/binaries/km/Apache_OpenOffice_4.1.7_Linux_x86-64_install-rpm_km.tar.gz
https://sourceforge.net/projects/openofficeorg.mirror/files/4.1.7/binaries/km/Apache_OpenOffice_4.1.7_Linux_x86_install-deb_km.tar.gz
https://sourceforge.net/projects/openofficeorg.mirror/files/4.1.7/binaries/km/Apache_OpenOffice_4.1.7_Linux_x86_install-rpm_km.tar.gz
https://sourceforge.net/projects/openofficeorg.mirror/files/4.1.7/binaries/km/Apache_OpenOffice_4.1.7_MacOS_x86-64_install_km.dmg
https://sourceforge.net/projects/openofficeorg.mirror/files/4.1.7/binaries/km/Apache_OpenOffice_4.1.7_Win_x86_install_km.exe
https://sourceforge.net/projects/openofficeorg.mirror/files/4.1.7/binaries/ko/Apache_OpenOffice_4.1.7_Linux_x86-64_install-deb_ko.tar.gz
https://sourceforge.net/projects/openofficeorg.mirror/files/4.1.7/binaries/ko/Apache_OpenOffice_4.1.7_Linux_x86-64_install-rpm_ko.tar.gz
https://sourceforge.net/projects/openofficeorg.mirror/files/4.1.7/binaries/ko/Apache_OpenOffice_4.1.7_Linux_x86_install-deb_ko.tar.gz
https://sourceforge.net/projects/openofficeorg.mirror/files/4.1.7/binaries/ko/Apache_OpenOffice_4.1.7_Linux_x86_install-rpm_ko.tar.gz
https://sourceforge.net/projects/openofficeorg.mirror/files/4.1.7/binaries/ko/Apache_OpenOffice_4.1.7_MacOS_x86-64_install_ko.dmg
https://sourceforge.net/projects/openofficeorg.mirror/files/4.1.7/binaries/ko/Apache_OpenOffice_4.1.7_Win_x86_install_ko.exe
https://sourceforge.net/projects/openofficeorg.mirror/files/4.1.7/binaries/lt/Apache_OpenOffice_4.1.7_Linux_x86-64_install-deb_lt.tar.gz
https://sourceforge.net/projects/openofficeorg.mirror/files/4.1.7/binaries/lt/Apache_OpenOffice_4.1.7_Linux_x86-64_install-rpm_lt.tar.gz
https://sourceforge.net/projects/openofficeorg.mirror/files/4.1.7/binaries/lt/Apache_OpenOffice_4.1.7_Linux_x86_install-deb_lt.tar.gz
https://sourceforge.net/projects/openofficeorg.mirror/files/4.1.7/binaries/lt/Apache_OpenOffice_4.1.7_Linux_x86_install-rpm_lt.tar.gz
https://sourceforge.net/projects/openofficeorg.mirror/files/4.1.7/binaries/lt/Apache_OpenOffice_4.1.7_MacOS_x86-64_install_lt.dmg
https://sourceforge.net/projects/openofficeorg.mirror/files/4.1.7/binaries/lt/Apache_OpenOffice_4.1.7_Win_x86_install_lt.exe
https://sourceforge.net/projects/openofficeorg.mirror/files/4.1.7/binaries/nb/Apache_OpenOffice_4.1.7_Linux_x86-64_install-deb_nb.tar.gz
https://sourceforge.net/projects/openofficeorg.mirror/files/4.1.7/binaries/nb/Apache_OpenOffice_4.1.7_Linux_x86-64_install-rpm_nb.tar.gz
https://sourceforge.net/projects/openofficeorg.mirror/files/4.1.7/binaries/nb/Apache_OpenOffice_4.1.7_Linux_x86_install-deb_nb.tar.gz
https://sourceforge.net/projects/openofficeorg.mirror/files/4.1.7/binaries/nb/Apache_OpenOffice_4.1.7_Linux_x86_install-rpm_nb.tar.gz
https://sourceforge.net/projects/openofficeorg.mirror/files/4.1.7/binaries/nb/Apache_OpenOffice_4.1.7_MacOS_x86-64_install_nb.dmg
https://sourceforge.net/projects/openofficeorg.mirror/files/4.1.7/binaries/nb/Apache_OpenOffice_4.1.7_Win_x86_install_nb.exe
https://sourceforge.net/projects/openofficeorg.mirror/files/4.1.7/binaries/nl/Apache_OpenOffice_4.1.7_Linux_x86-64_install-deb_nl.tar.gz
https://sourceforge.net/projects/openofficeorg.mirror/files/4.1.7/binaries/nl/Apache_OpenOffice_4.1.7_Linux_x86-64_install-rpm_nl.tar.gz
https://sourceforge.net/projects/openofficeorg.mirror/files/4.1.7/binaries/nl/Apache_OpenOffice_4.1.7_Linux_x86_install-deb_nl.tar.gz
https://sourceforge.net/projects/openofficeorg.mirror/files/4.1.7/binaries/nl/Apache_OpenOffice_4.1.7_Linux_x86_install-rpm_nl.tar.gz
https://sourceforge.net/projects/openofficeorg.mirror/files/4.1.7/binaries/nl/Apache_OpenOffice_4.1.7_MacOS_x86-64_install_nl.dmg
https://sourceforge.net/projects/openofficeorg.mirror/files/4.1.7/binaries/nl/Apache_OpenOffice_4.1.7_Win_x86_install_nl.exe
https://sourceforge.net/projects/openofficeorg.mirror/files/4.1.7/binaries/pl/Apache_OpenOffice_4.1.7_Linux_x86-64_install-deb_pl.tar.gz
https://sourceforge.net/projects/openofficeorg.mirror/files/4.1.7/binaries/pl/Apache_OpenOffice_4.1.7_Linux_x86-64_install-rpm_pl.tar.gz
https://sourceforge.net/projects/openofficeorg.mirror/files/4.1.7/binaries/pl/Apache_OpenOffice_4.1.7_Linux_x86_install-deb_pl.tar.gz
https://sourceforge.net/projects/openofficeorg.mirror/files/4.1.7/binaries/pl/Apache_OpenOffice_4.1.7_Linux_x86_install-rpm_pl.tar.gz
https://sourceforge.net/projects/openofficeorg.mirror/files/4.1.7/binaries/pl/Apache_OpenOffice_4.1.7_MacOS_x86-64_install_pl.dmg
https://sourceforge.net/projects/openofficeorg.mirror/files/4.1.7/binaries/pl/Apache_OpenOffice_4.1.7_Win_x86_install_pl.exe
https://sourceforge.net/projects/openofficeorg.mirror/files/4.1.7/binaries/pt-BR/Apache_OpenOffice_4.1.7_Linux_x86-64_install-deb_pt-BR.tar.gz
https://sourceforge.net/projects/openofficeorg.mirror/files/4.1.7/binaries/pt-BR/Apache_OpenOffice_4.1.7_Linux_x86-64_install-rpm_pt-BR.tar.gz
https://sourceforge.net/projects/openofficeorg.mirror/files/4.1.7/binaries/pt-BR/Apache_OpenOffice_4.1.7_Linux_x86_install-deb_pt-BR.tar.gz
https://sourceforge.net/projects/openofficeorg.mirror/files/4.1.7/binaries/pt-BR/Apache_OpenOffice_4.1.7_Linux_x86_install-rpm_pt-BR.tar.gz
https://sourceforge.net/projects/openofficeorg.mirror/files/4.1.7/binaries/pt-BR/Apache_OpenOffice_4.1.7_MacOS_x86-64_install_pt-BR.dmg
https://sourceforge.net/projects/openofficeorg.mirror/files/4.1.7/binaries/pt-BR/Apache_OpenOffice_4.1.7_Win_x86_install_pt-BR.exe
https://sourceforge.net/projects/openofficeorg.mirror/files/4.1.7/binaries/pt/Apache_OpenOffice_4.1.7_Linux_x86-64_install-deb_pt.tar.gz
https://sourceforge.net/projects/openofficeorg.mirror/files/4.1.7/binaries/pt/Apache_OpenOffice_4.1.7_Linux_x86-64_install-rpm_pt.tar.gz
https://sourceforge.net/projects/openofficeorg.mirror/files/4.1.7/binaries/pt/Apache_OpenOffice_4.1.7_Linux_x86_install-deb_pt.tar.gz
https://sourceforge.net/projects/openofficeorg.mirror/files/4.1.7/binaries/pt/Apache_OpenOffice_4.1.7_Linux_x86_install-rpm_pt.tar.gz
https://sourceforge.net/projects/openofficeorg.mirror/files/4.1.7/binaries/pt/Apache_OpenOffice_4.1.7_MacOS_x86-64_install_pt.dmg
https://sourceforge.net/projects/openofficeorg.mirror/files/4.1.7/binaries/pt/Apache_OpenOffice_4.1.7_Win_x86_install_pt.exe
https://sourceforge.net/projects/openofficeorg.mirror/files/4.1.7/binaries/ru/Apache_OpenOffice_4.1.7_Linux_x86-64_install-deb_ru.tar.gz
https://sourceforge.net/projects/openofficeorg.mirror/files/4.1.7/binaries/ru/Apache_OpenOffice_4.1.7_Linux_x86-64_install-rpm_ru.tar.gz
https://sourceforge.net/projects/openofficeorg.mirror/files/4.1.7/binaries/ru/Apache_OpenOffice_4.1.7_Linux_x86_install-deb_ru.tar.gz
https://sourceforge.net/projects/openofficeorg.mirror/files/4.1.7/binaries/ru/Apache_OpenOffice_4.1.7_Linux_x86_install-rpm_ru.tar.gz
https://sourceforge.net/projects/openofficeorg.mirror/files/4.1.7/binaries/ru/Apache_OpenOffice_4.1.7_MacOS_x86-64_install_ru.dmg
https://sourceforge.net/projects/openofficeorg.mirror/files/4.1.7/binaries/ru/Apache_OpenOffice_4.1.7_Win_x86_install_ru.exe
https://sourceforge.net/projects/openofficeorg.mirror/files/4.1.7/binaries/sk/Apache_OpenOffice_4.1.7_Linux_x86-64_install-deb_sk.tar.gz
https://sourceforge.net/projects/openofficeorg.mirror/files/4.1.7/binaries/sk/Apache_OpenOffice_4.1.7_Linux_x86-64_install-rpm_sk.tar.gz
https://sourceforge.net/projects/openofficeorg.mirror/files/4.1.7/binaries/sk/Apache_OpenOffice_4.1.7_Linux_x86_install-deb_sk.tar.gz
https://sourceforge.net/projects/openofficeorg.mirror/files/4.1.7/binaries/sk/Apache_OpenOffice_4.1.7_Linux_x86_install-rpm_sk.tar.gz
https://sourceforge.net/projects/openofficeorg.mirror/files/4.1.7/binaries/sk/Apache_OpenOffice_4.1.7_MacOS_x86-64_install_sk.dmg
https://sourceforge.net/projects/openofficeorg.mirror/files/4.1.7/binaries/sk/Apache_OpenOffice_4.1.7_Win_x86_install_sk.exe
https://sourceforge.net/projects/openofficeorg.mirror/files/4.1.7/binaries/sl/Apache_OpenOffice_4.1.7_Linux_x86-64_install-deb_sl.tar.gz
https://sourceforge.net/projects/openofficeorg.mirror/files/4.1.7/binaries/sl/Apache_OpenOffice_4.1.7_Linux_x86-64_install-rpm_sl.tar.gz
https://sourceforge.net/projects/openofficeorg.mirror/files/4.1.7/binaries/sl/Apache_OpenOffice_4.1.7_Linux_x86_install-deb_sl.tar.gz
https://sourceforge.net/projects/openofficeorg.mirror/files/4.1.7/binaries/sl/Apache_OpenOffice_4.1.7_Linux_x86_install-rpm_sl.tar.gz
https://sourceforge.net/projects/openofficeorg.mirror/files/4.1.7/binaries/sl/Apache_OpenOffice_4.1.7_MacOS_x86-64_install_sl.dmg
https://sourceforge.net/projects/openofficeorg.mirror/files/4.1.7/binaries/sl/Apache_OpenOffice_4.1.7_Win_x86_install_sl.exe
https://sourceforge.net/projects/openofficeorg.mirror/files/4.1.7/binaries/sr/Apache_OpenOffice_4.1.7_Linux_x86-64_install-deb_sr.tar.gz
https://sourceforge.net/projects/openofficeorg.mirror/files/4.1.7/binaries/sr/Apache_OpenOffice_4.1.7_Linux_x86-64_install-rpm_sr.tar.gz
https://sourceforge.net/projects/openofficeorg.mirror/files/4.1.7/binaries/sr/Apache_OpenOffice_4.1.7_Linux_x86_install-deb_sr.tar.gz
https://sourceforge.net/projects/openofficeorg.mirror/files/4.1.7/binaries/sr/Apache_OpenOffice_4.1.7_Linux_x86_install-rpm_sr.tar.gz
https://sourceforge.net/projects/openofficeorg.mirror/files/4.1.7/binaries/sr/Apache_OpenOffice_4.1.7_MacOS_x86-64_install_sr.dmg
https://sourceforge.net/projects/openofficeorg.mirror/files/4.1.7/binaries/sr/Apache_OpenOffice_4.1.7_Win_x86_install_sr.exe
https://sourceforge.net/projects/openofficeorg.mirror/files/4.1.7/binaries/sv/Apache_OpenOffice_4.1.7_Linux_x86-64_install-deb_sv.tar.gz
https://sourceforge.net/projects/openofficeorg.mirror/files/4.1.7/binaries/sv/Apache_OpenOffice_4.1.7_Linux_x86-64_install-rpm_sv.tar.gz
https://sourceforge.net/projects/openofficeorg.mirror/files/4.1.7/binaries/sv/Apache_OpenOffice_4.1.7_Linux_x86_install-deb_sv.tar.gz
https://sourceforge.net/projects/openofficeorg.mirror/files/4.1.7/binaries/sv/Apache_OpenOffice_4.1.7_Linux_x86_install-rpm_sv.tar.gz
https://sourceforge.net/projects/openofficeorg.mirror/files/4.1.7/binaries/sv/Apache_OpenOffice_4.1.7_MacOS_x86-64_install_sv.dmg
https://sourceforge.net/projects/openofficeorg.mirror/files/4.1.7/binaries/sv/Apache_OpenOffice_4.1.7_Win_x86_install_sv.exe
https://sourceforge.net/projects/openofficeorg.mirror/files/4.1.7/binaries/ta/Apache_OpenOffice_4.1.7_Linux_x86-64_install-deb_ta.tar.gz
https://sourceforge.net/projects/openofficeorg.mirror/files/4.1.7/binaries/ta/Apache_OpenOffice_4.1.7_Linux_x86-64_install-rpm_ta.tar.gz
https://sourceforge.net/projects/openofficeorg.mirror/files/4.1.7/binaries/ta/Apache_OpenOffice_4.1.7_Linux_x86_install-deb_ta.tar.gz
https://sourceforge.net/projects/openofficeorg.mirror/files/4.1.7/binaries/ta/Apache_OpenOffice_4.1.7_Linux_x86_install-rpm_ta.tar.gz
https://sourceforge.net/projects/openofficeorg.mirror/files/4.1.7/binaries/ta/Apache_OpenOffice_4.1.7_MacOS_x86-64_install_ta.dmg
https://sourceforge.net/projects/openofficeorg.mirror/files/4.1.7/binaries/ta/Apache_OpenOffice_4.1.7_Win_x86_install_ta.exe
https://sourceforge.net/projects/openofficeorg.mirror/files/4.1.7/binaries/th/Apache_OpenOffice_4.1.7_Linux_x86-64_install-deb_th.tar.gz
https://sourceforge.net/projects/openofficeorg.mirror/files/4.1.7/binaries/th/Apache_OpenOffice_4.1.7_Linux_x86-64_install-rpm_th.tar.gz
https://sourceforge.net/projects/openofficeorg.mirror/files/4.1.7/binaries/th/Apache_OpenOffice_4.1.7_Linux_x86_install-deb_th.tar.gz
https://sourceforge.net/projects/openofficeorg.mirror/files/4.1.7/binaries/th/Apache_OpenOffice_4.1.7_Linux_x86_install-rpm_th.tar.gz
https://sourceforge.net/projects/openofficeorg.mirror/files/4.1.7/binaries/th/Apache_OpenOffice_4.1.7_MacOS_x86-64_install_th.dmg
https://sourceforge.net/projects/openofficeorg.mirror/files/4.1.7/binaries/th/Apache_OpenOffice_4.1.7_Win_x86_install_th.exe
https://sourceforge.net/projects/openofficeorg.mirror/files/4.1.7/binaries/tr/Apache_OpenOffice_4.1.7_Linux_x86-64_install-deb_tr.tar.gz
https://sourceforge.net/projects/openofficeorg.mirror/files/4.1.7/binaries/tr/Apache_OpenOffice_4.1.7_Linux_x86-64_install-rpm_tr.tar.gz
https://sourceforge.net/projects/openofficeorg.mirror/files/4.1.7/binaries/tr/Apache_OpenOffice_4.1.7_Linux_x86_install-deb_tr.tar.gz
https://sourceforge.net/projects/openofficeorg.mirror/files/4.1.7/binaries/tr/Apache_OpenOffice_4.1.7_Linux_x86_install-rpm_tr.tar.gz
https://sourceforge.net/projects/openofficeorg.mirror/files/4.1.7/binaries/tr/Apache_OpenOffice_4.1.7_MacOS_x86-64_install_tr.dmg
https://sourceforge.net/projects/openofficeorg.mirror/files/4.1.7/binaries/tr/Apache_OpenOffice_4.1.7_Win_x86_install_tr.exe
https://sourceforge.net/projects/openofficeorg.mirror/files/4.1.7/binaries/vi/Apache_OpenOffice_4.1.7_Linux_x86-64_install-deb_vi.tar.gz
https://sourceforge.net/projects/openofficeorg.mirror/files/4.1.7/binaries/vi/Apache_OpenOffice_4.1.7_Linux_x86-64_install-rpm_vi.tar.gz
https://sourceforge.net/projects/openofficeorg.mirror/files/4.1.7/binaries/vi/Apache_OpenOffice_4.1.7_Linux_x86_install-deb_vi.tar.gz
https://sourceforge.net/projects/openofficeorg.mirror/files/4.1.7/binaries/vi/Apache_OpenOffice_4.1.7_Linux_x86_install-rpm_vi.tar.gz
https://sourceforge.net/projects/openofficeorg.mirror/files/4.1.7/binaries/vi/Apache_OpenOffice_4.1.7_MacOS_x86-64_install_vi.dmg
https://sourceforge.net/projects/openofficeorg.mirror/files/4.1.7/binaries/vi/Apache_OpenOffice_4.1.7_Win_x86_install_vi.exe
https://sourceforge.net/projects/openofficeorg.mirror/files/4.1.7/binaries/zh-CN/Apache_OpenOffice_4.1.7_Linux_x86-64_install-deb_zh-CN.tar.gz
https://sourceforge.net/projects/openofficeorg.mirror/files/4.1.7/binaries/zh-CN/Apache_OpenOffice_4.1.7_Linux_x86-64_install-rpm_zh-CN.tar.gz
https://sourceforge.net/projects/openofficeorg.mirror/files/4.1.7/binaries/zh-CN/Apache_OpenOffice_4.1.7_Linux_x86_install-deb_zh-CN.tar.gz
https://sourceforge.net/projects/openofficeorg.mirror/files/4.1.7/binaries/zh-CN/Apache_OpenOffice_4.1.7_Linux_x86_install-rpm_zh-CN.tar.gz
https://sourceforge.net/projects/openofficeorg.mirror/files/4.1.7/binaries/zh-CN/Apache_OpenOffice_4.1.7_MacOS_x86-64_install_zh-CN.dmg
https://sourceforge.net/projects/openofficeorg.mirror/files/4.1.7/binaries/zh-CN/Apache_OpenOffice_4.1.7_Win_x86_install_zh-CN.exe
https://sourceforge.net/projects/openofficeorg.mirror/files/4.1.7/binaries/zh-TW/Apache_OpenOffice_4.1.7_Linux_x86-64_install-deb_zh-TW.tar.gz
https://sourceforge.net/projects/openofficeorg.mirror/files/4.1.7/binaries/zh-TW/Apache_OpenOffice_4.1.7_Linux_x86-64_install-rpm_zh-TW.tar.gz
https://sourceforge.net/projects/openofficeorg.mirror/files/4.1.7/binaries/zh-TW/Apache_OpenOffice_4.1.7_Linux_x86_install-deb_zh-TW.tar.gz
https://sourceforge.net/projects/openofficeorg.mirror/files/4.1.7/binaries/zh-TW/Apache_OpenOffice_4.1.7_Linux_x86_install-rpm_zh-TW.tar.gz
https://sourceforge.net/projects/openofficeorg.mirror/files/4.1.7/binaries/zh-TW/Apache_OpenOffice_4.1.7_MacOS_x86-64_install_zh-TW.dmg
https://sourceforge.net/projects/openofficeorg.mirror/files/4.1.7/binaries/zh-TW/Apache_OpenOffice_4.1.7_Win_x86_install_zh-TW.exe
